=== System Log: Tue Mar 10 22:28:01 EDT 2026 ===
 22:28:01 up  2:28,  1 user,  load average: 0.03, 0.11, 0.14
               total        used        free      shared  buff/cache   available
Mem:           3.3Gi       2.2Gi       119Mi        57Mi       1.1Gi       1.1Gi
Swap:          3.5Gi       138Mi       3.3Gi
Filesystem      Size  Used Avail Use% Mounted on
tmpfs           672M  2.3M  669M   1% /run
/dev/sda2        20G  9.6G  9.0G  52% /
tmpfs           1.7G     0  1.7G   0% /dev/shm
tmpfs           5.0M  8.0K  5.0M   1% /run/lock
tmpfs           1.0M     0  1.0M   0% /run/credentials/systemd-journald.service
tmpfs           1.0M     0  1.0M   0% /run/credentials/systemd-resolved.service
tmpfs           1.7G  4.0M  1.7G   1% /tmp
tmpfs           336M  132K  336M   1% /run/user/1000
/dev/sr0        102M  102M     0 100% /media/kostapro/CDROM

=== System Log: Tue Mar 10 22:29:01 EDT 2026 ===
 22:29:01 up  2:29,  1 user,  load average: 0.01, 0.08, 0.12
               total        used        free      shared  buff/cache   available
Mem:           3.3Gi       2.2Gi       121Mi        57Mi       1.1Gi       1.1Gi
Swap:          3.5Gi       138Mi       3.3Gi
Filesystem      Size  Used Avail Use% Mounted on
tmpfs           672M  2.3M  669M   1% /run
/dev/sda2        20G  9.6G  9.0G  52% /
tmpfs           1.7G     0  1.7G   0% /dev/shm
tmpfs           5.0M  8.0K  5.0M   1% /run/lock
tmpfs           1.0M     0  1.0M   0% /run/credentials/systemd-journald.service
tmpfs           1.0M     0  1.0M   0% /run/credentials/systemd-resolved.service
tmpfs           1.7G  4.0M  1.7G   1% /tmp
tmpfs           336M  132K  336M   1% /run/user/1000
/dev/sr0        102M  102M     0 100% /media/kostapro/CDROM

=== System Log: Tue Mar 10 22:30:01 EDT 2026 ===
 22:30:01 up  2:30,  1 user,  load average: 0.00, 0.07, 0.11
               total        used        free      shared  buff/cache   available
Mem:           3.3Gi       2.2Gi       119Mi        57Mi       1.1Gi       1.1Gi
Swap:          3.5Gi       138Mi       3.3Gi
Filesystem      Size  Used Avail Use% Mounted on
tmpfs           672M  2.3M  669M   1% /run
/dev/sda2        20G  9.6G  9.0G  52% /
tmpfs           1.7G     0  1.7G   0% /dev/shm
tmpfs           5.0M  8.0K  5.0M   1% /run/lock
tmpfs           1.0M     0  1.0M   0% /run/credentials/systemd-journald.service
tmpfs           1.0M     0  1.0M   0% /run/credentials/systemd-resolved.service
tmpfs           1.7G  4.0M  1.7G   1% /tmp
tmpfs           336M  132K  336M   1% /run/user/1000
/dev/sr0        102M  102M     0 100% /media/kostapro/CDROM

=== System Log: Tue Mar 10 22:31:02 EDT 2026 ===
 22:31:02 up  2:31,  1 user,  load average: 0.05, 0.07, 0.11
               total        used        free      shared  buff/cache   available
Mem:           3.3Gi       2.2Gi       119Mi        57Mi       1.1Gi       1.1Gi
Swap:          3.5Gi       138Mi       3.3Gi
Filesystem      Size  Used Avail Use% Mounted on
tmpfs           672M  2.3M  669M   1% /run
/dev/sda2        20G  9.6G  9.0G  52% /
tmpfs           1.7G     0  1.7G   0% /dev/shm
tmpfs           5.0M  8.0K  5.0M   1% /run/lock
tmpfs           1.0M     0  1.0M   0% /run/credentials/systemd-journald.service
tmpfs           1.0M     0  1.0M   0% /run/credentials/systemd-resolved.service
tmpfs           1.7G  4.0M  1.7G   1% /tmp
tmpfs           336M  132K  336M   1% /run/user/1000
/dev/sr0        102M  102M     0 100% /media/kostapro/CDROM

=== System Log: Tue Mar 10 22:32:01 EDT 2026 ===
 22:32:01 up  2:32,  1 user,  load average: 0.13, 0.10, 0.11
               total        used        free      shared  buff/cache   available
Mem:           3.3Gi       2.2Gi       119Mi        57Mi       1.1Gi       1.1Gi
Swap:          3.5Gi       138Mi       3.3Gi
Filesystem      Size  Used Avail Use% Mounted on
tmpfs           672M  2.3M  669M   1% /run
/dev/sda2        20G  9.6G  9.0G  52% /
tmpfs           1.7G     0  1.7G   0% /dev/shm
tmpfs           5.0M  8.0K  5.0M   1% /run/lock
tmpfs           1.0M     0  1.0M   0% /run/credentials/systemd-journald.service
tmpfs           1.0M     0  1.0M   0% /run/credentials/systemd-resolved.service
tmpfs           1.7G  4.0M  1.7G   1% /tmp
tmpfs           336M  132K  336M   1% /run/user/1000
/dev/sr0        102M  102M     0 100% /media/kostapro/CDROM

=== System Log: Tue Mar 10 22:33:01 EDT 2026 ===
 22:33:01 up  2:33,  1 user,  load average: 0.04, 0.08, 0.10
               total        used        free      shared  buff/cache   available
Mem:           3.3Gi       2.2Gi       110Mi        57Mi       1.1Gi       1.1Gi
Swap:          3.5Gi       138Mi       3.3Gi
Filesystem      Size  Used Avail Use% Mounted on
tmpfs           672M  2.3M  669M   1% /run
/dev/sda2        20G  9.6G  9.0G  52% /
tmpfs           1.7G     0  1.7G   0% /dev/shm
tmpfs           5.0M  8.0K  5.0M   1% /run/lock
tmpfs           1.0M     0  1.0M   0% /run/credentials/systemd-journald.service
tmpfs           1.0M     0  1.0M   0% /run/credentials/systemd-resolved.service
tmpfs           1.7G  4.0M  1.7G   1% /tmp
tmpfs           336M  132K  336M   1% /run/user/1000
/dev/sr0        102M  102M     0 100% /media/kostapro/CDROM

=== System Log: Tue Mar 10 22:34:01 EDT 2026 ===
 22:34:01 up  2:34,  1 user,  load average: 0.05, 0.07, 0.09
               total        used        free      shared  buff/cache   available
Mem:           3.3Gi       2.2Gi       110Mi        57Mi       1.1Gi       1.1Gi
Swap:          3.5Gi       138Mi       3.3Gi
Filesystem      Size  Used Avail Use% Mounted on
tmpfs           672M  2.3M  669M   1% /run
/dev/sda2        20G  9.6G  9.0G  52% /
tmpfs           1.7G     0  1.7G   0% /dev/shm
tmpfs           5.0M  8.0K  5.0M   1% /run/lock
tmpfs           1.0M     0  1.0M   0% /run/credentials/systemd-journald.service
tmpfs           1.0M     0  1.0M   0% /run/credentials/systemd-resolved.service
tmpfs           1.7G  4.0M  1.7G   1% /tmp
tmpfs           336M  132K  336M   1% /run/user/1000
/dev/sr0        102M  102M     0 100% /media/kostapro/CDROM

=== System Log: Tue Mar 10 22:35:01 EDT 2026 ===
 22:35:01 up  2:35,  1 user,  load average: 0.15, 0.11, 0.10
               total        used        free      shared  buff/cache   available
Mem:           3.3Gi       2.2Gi       110Mi        57Mi       1.1Gi       1.1Gi
Swap:          3.5Gi       138Mi       3.3Gi
Filesystem      Size  Used Avail Use% Mounted on
tmpfs           672M  2.3M  669M   1% /run
/dev/sda2        20G  9.6G  9.0G  52% /
tmpfs           1.7G     0  1.7G   0% /dev/shm
tmpfs           5.0M  8.0K  5.0M   1% /run/lock
tmpfs           1.0M     0  1.0M   0% /run/credentials/systemd-journald.service
tmpfs           1.0M     0  1.0M   0% /run/credentials/systemd-resolved.service
tmpfs           1.7G  4.0M  1.7G   1% /tmp
tmpfs           336M  132K  336M   1% /run/user/1000
/dev/sr0        102M  102M     0 100% /media/kostapro/CDROM

=== System Log: Tue Mar 10 22:36:01 EDT 2026 ===
 22:36:01 up  2:36,  1 user,  load average: 0.46, 0.20, 0.13
               total        used        free      shared  buff/cache   available
Mem:           3.3Gi       2.2Gi       110Mi        57Mi       1.1Gi       1.1Gi
Swap:          3.5Gi       138Mi       3.3Gi
Filesystem      Size  Used Avail Use% Mounted on
tmpfs           672M  2.3M  669M   1% /run
/dev/sda2        20G  9.6G  9.0G  52% /
tmpfs           1.7G     0  1.7G   0% /dev/shm
tmpfs           5.0M  8.0K  5.0M   1% /run/lock
tmpfs           1.0M     0  1.0M   0% /run/credentials/systemd-journald.service
tmpfs           1.0M     0  1.0M   0% /run/credentials/systemd-resolved.service
tmpfs           1.7G  4.0M  1.7G   1% /tmp
tmpfs           336M  132K  336M   1% /run/user/1000
/dev/sr0        102M  102M     0 100% /media/kostapro/CDROM

=== System Log: Tue Mar 10 22:37:02 EDT 2026 ===
 22:37:02 up  2:37,  1 user,  load average: 0.43, 0.24, 0.15
               total        used        free      shared  buff/cache   available
Mem:           3.3Gi       2.2Gi       110Mi        57Mi       1.1Gi       1.1Gi
Swap:          3.5Gi       138Mi       3.3Gi
Filesystem      Size  Used Avail Use% Mounted on
tmpfs           672M  2.3M  669M   1% /run
/dev/sda2        20G  9.6G  9.0G  52% /
tmpfs           1.7G     0  1.7G   0% /dev/shm
tmpfs           5.0M  8.0K  5.0M   1% /run/lock
tmpfs           1.0M     0  1.0M   0% /run/credentials/systemd-journald.service
tmpfs           1.0M     0  1.0M   0% /run/credentials/systemd-resolved.service
tmpfs           1.7G  4.0M  1.7G   1% /tmp
tmpfs           336M  132K  336M   1% /run/user/1000
/dev/sr0        102M  102M     0 100% /media/kostapro/CDROM

=== System Log: Tue Mar 10 22:38:01 EDT 2026 ===
 22:38:01 up  2:38,  1 user,  load average: 0.16, 0.19, 0.14
               total        used        free      shared  buff/cache   available
Mem:           3.3Gi       2.1Gi       136Mi        57Mi       1.1Gi       1.1Gi
Swap:          3.5Gi       138Mi       3.3Gi
Filesystem      Size  Used Avail Use% Mounted on
tmpfs           672M  2.3M  669M   1% /run
/dev/sda2        20G  9.6G  9.0G  52% /
tmpfs           1.7G     0  1.7G   0% /dev/shm
tmpfs           5.0M  8.0K  5.0M   1% /run/lock
tmpfs           1.0M     0  1.0M   0% /run/credentials/systemd-journald.service
tmpfs           1.0M     0  1.0M   0% /run/credentials/systemd-resolved.service
tmpfs           1.7G  4.0M  1.7G   1% /tmp
tmpfs           336M  132K  336M   1% /run/user/1000
/dev/sr0        102M  102M     0 100% /media/kostapro/CDROM

=== System Log: Tue Mar 10 22:39:01 EDT 2026 ===
 22:39:01 up  2:39,  1 user,  load average: 0.06, 0.15, 0.12
               total        used        free      shared  buff/cache   available
Mem:           3.3Gi       2.1Gi       133Mi        57Mi       1.1Gi       1.1Gi
Swap:          3.5Gi       138Mi       3.3Gi
Filesystem      Size  Used Avail Use% Mounted on
tmpfs           672M  2.3M  669M   1% /run
/dev/sda2        20G  9.6G  9.0G  52% /
tmpfs           1.7G     0  1.7G   0% /dev/shm
tmpfs           5.0M  8.0K  5.0M   1% /run/lock
tmpfs           1.0M     0  1.0M   0% /run/credentials/systemd-journald.service
tmpfs           1.0M     0  1.0M   0% /run/credentials/systemd-resolved.service
tmpfs           1.7G  4.0M  1.7G   1% /tmp
tmpfs           336M  132K  336M   1% /run/user/1000
/dev/sr0        102M  102M     0 100% /media/kostapro/CDROM

=== System Log: Tue Mar 10 22:40:01 EDT 2026 ===
 22:40:01 up  2:40,  1 user,  load average: 0.02, 0.12, 0.11
               total        used        free      shared  buff/cache   available
Mem:           3.3Gi       2.1Gi       132Mi        57Mi       1.1Gi       1.1Gi
Swap:          3.5Gi       138Mi       3.3Gi
Filesystem      Size  Used Avail Use% Mounted on
tmpfs           672M  2.3M  669M   1% /run
/dev/sda2        20G  9.6G  9.0G  52% /
tmpfs           1.7G     0  1.7G   0% /dev/shm
tmpfs           5.0M  8.0K  5.0M   1% /run/lock
tmpfs           1.0M     0  1.0M   0% /run/credentials/systemd-journald.service
tmpfs           1.0M     0  1.0M   0% /run/credentials/systemd-resolved.service
tmpfs           1.7G  4.0M  1.7G   1% /tmp
tmpfs           336M  132K  336M   1% /run/user/1000
/dev/sr0        102M  102M     0 100% /media/kostapro/CDROM

=== System Log: Tue Mar 10 22:41:01 EDT 2026 ===
 22:41:01 up  2:41,  1 user,  load average: 0.00, 0.10, 0.10
               total        used        free      shared  buff/cache   available
Mem:           3.3Gi       2.1Gi       131Mi        57Mi       1.1Gi       1.1Gi
Swap:          3.5Gi       138Mi       3.3Gi
Filesystem      Size  Used Avail Use% Mounted on
tmpfs           672M  2.3M  669M   1% /run
/dev/sda2        20G  9.6G  9.0G  52% /
tmpfs           1.7G     0  1.7G   0% /dev/shm
tmpfs           5.0M  8.0K  5.0M   1% /run/lock
tmpfs           1.0M     0  1.0M   0% /run/credentials/systemd-journald.service
tmpfs           1.0M     0  1.0M   0% /run/credentials/systemd-resolved.service
tmpfs           1.7G  4.0M  1.7G   1% /tmp
tmpfs           336M  132K  336M   1% /run/user/1000
/dev/sr0        102M  102M     0 100% /media/kostapro/CDROM

=== System Log: Tue Mar 10 22:42:01 EDT 2026 ===
 22:42:01 up  2:42,  1 user,  load average: 0.00, 0.08, 0.09
               total        used        free      shared  buff/cache   available
Mem:           3.3Gi       2.1Gi       125Mi        57Mi       1.1Gi       1.1Gi
Swap:          3.5Gi       138Mi       3.3Gi
Filesystem      Size  Used Avail Use% Mounted on
tmpfs           672M  2.3M  669M   1% /run
/dev/sda2        20G  9.6G  9.0G  52% /
tmpfs           1.7G     0  1.7G   0% /dev/shm
tmpfs           5.0M  8.0K  5.0M   1% /run/lock
tmpfs           1.0M     0  1.0M   0% /run/credentials/systemd-journald.service
tmpfs           1.0M     0  1.0M   0% /run/credentials/systemd-resolved.service
tmpfs           1.7G  4.0M  1.7G   1% /tmp
tmpfs           336M  132K  336M   1% /run/user/1000
/dev/sr0        102M  102M     0 100% /media/kostapro/CDROM

=== System Log: Tue Mar 10 22:43:01 EDT 2026 ===
 22:43:01 up  2:43,  1 user,  load average: 0.00, 0.06, 0.08
               total        used        free      shared  buff/cache   available
Mem:           3.3Gi       2.1Gi       131Mi        57Mi       1.1Gi       1.2Gi
Swap:          3.5Gi       140Mi       3.3Gi
Filesystem      Size  Used Avail Use% Mounted on
tmpfs           672M  2.3M  669M   1% /run
/dev/sda2        20G  9.6G  9.0G  52% /
tmpfs           1.7G     0  1.7G   0% /dev/shm
tmpfs           5.0M  8.0K  5.0M   1% /run/lock
tmpfs           1.0M     0  1.0M   0% /run/credentials/systemd-journald.service
tmpfs           1.0M     0  1.0M   0% /run/credentials/systemd-resolved.service
tmpfs           1.7G  4.0M  1.7G   1% /tmp
tmpfs           336M  132K  336M   1% /run/user/1000
/dev/sr0        102M  102M     0 100% /media/kostapro/CDROM

=== System Log: Tue Mar 10 22:44:01 EDT 2026 ===
 22:44:02 up  2:44,  1 user,  load average: 0.00, 0.05, 0.08
               total        used        free      shared  buff/cache   available
Mem:           3.3Gi       2.1Gi       180Mi        56Mi       1.1Gi       1.2Gi
Swap:          3.5Gi       143Mi       3.3Gi
Filesystem      Size  Used Avail Use% Mounted on
tmpfs           672M  2.3M  669M   1% /run
/dev/sda2        20G  9.6G  9.0G  52% /
tmpfs           1.7G     0  1.7G   0% /dev/shm
tmpfs           5.0M  8.0K  5.0M   1% /run/lock
tmpfs           1.0M     0  1.0M   0% /run/credentials/systemd-journald.service
tmpfs           1.0M     0  1.0M   0% /run/credentials/systemd-resolved.service
tmpfs           1.7G  4.0M  1.7G   1% /tmp
tmpfs           336M  132K  336M   1% /run/user/1000
/dev/sr0        102M  102M     0 100% /media/kostapro/CDROM

=== System Log: Tue Mar 10 22:45:01 EDT 2026 ===
 22:45:01 up  2:45,  1 user,  load average: 0.00, 0.04, 0.07
               total        used        free      shared  buff/cache   available
Mem:           3.3Gi       2.1Gi       179Mi        56Mi       1.1Gi       1.2Gi
Swap:          3.5Gi       143Mi       3.3Gi
Filesystem      Size  Used Avail Use% Mounted on
tmpfs           672M  2.3M  669M   1% /run
/dev/sda2        20G  9.6G  9.0G  52% /
tmpfs           1.7G     0  1.7G   0% /dev/shm
tmpfs           5.0M  8.0K  5.0M   1% /run/lock
tmpfs           1.0M     0  1.0M   0% /run/credentials/systemd-journald.service
tmpfs           1.0M     0  1.0M   0% /run/credentials/systemd-resolved.service
tmpfs           1.7G  4.0M  1.7G   1% /tmp
tmpfs           336M  132K  336M   1% /run/user/1000
/dev/sr0        102M  102M     0 100% /media/kostapro/CDROM

=== System Log: Tue Mar 10 22:46:01 EDT 2026 ===
 22:46:01 up  2:46,  1 user,  load average: 0.00, 0.03, 0.07
               total        used        free      shared  buff/cache   available
Mem:           3.3Gi       2.1Gi       178Mi        56Mi       1.1Gi       1.2Gi
Swap:          3.5Gi       143Mi       3.3Gi
Filesystem      Size  Used Avail Use% Mounted on
tmpfs           672M  2.3M  669M   1% /run
/dev/sda2        20G  9.6G  9.0G  52% /
tmpfs           1.7G     0  1.7G   0% /dev/shm
tmpfs           5.0M  8.0K  5.0M   1% /run/lock
tmpfs           1.0M     0  1.0M   0% /run/credentials/systemd-journald.service
tmpfs           1.0M     0  1.0M   0% /run/credentials/systemd-resolved.service
tmpfs           1.7G  4.0M  1.7G   1% /tmp
tmpfs           336M  132K  336M   1% /run/user/1000
/dev/sr0        102M  102M     0 100% /media/kostapro/CDROM

=== System Log: Tue Mar 10 22:47:01 EDT 2026 ===
 22:47:01 up  2:47,  1 user,  load average: 0.25, 0.08, 0.08
               total        used        free      shared  buff/cache   available
Mem:           3.3Gi       2.1Gi       177Mi        56Mi       1.1Gi       1.2Gi
Swap:          3.5Gi       143Mi       3.3Gi
Filesystem      Size  Used Avail Use% Mounted on
tmpfs           672M  2.3M  669M   1% /run
/dev/sda2        20G  9.6G  9.0G  52% /
tmpfs           1.7G     0  1.7G   0% /dev/shm
tmpfs           5.0M  8.0K  5.0M   1% /run/lock
tmpfs           1.0M     0  1.0M   0% /run/credentials/systemd-journald.service
tmpfs           1.0M     0  1.0M   0% /run/credentials/systemd-resolved.service
tmpfs           1.7G  4.0M  1.7G   1% /tmp
tmpfs           336M  132K  336M   1% /run/user/1000
/dev/sr0        102M  102M     0 100% /media/kostapro/CDROM

=== System Log: Tue Mar 10 22:48:01 EDT 2026 ===
 22:48:01 up  2:48,  1 user,  load average: 0.09, 0.07, 0.08
               total        used        free      shared  buff/cache   available
Mem:           3.3Gi       2.1Gi       198Mi        56Mi       1.1Gi       1.2Gi
Swap:          3.5Gi       143Mi       3.3Gi
Filesystem      Size  Used Avail Use% Mounted on
tmpfs           672M  2.3M  669M   1% /run
/dev/sda2        20G  9.6G  9.0G  52% /
tmpfs           1.7G     0  1.7G   0% /dev/shm
tmpfs           5.0M  8.0K  5.0M   1% /run/lock
tmpfs           1.0M     0  1.0M   0% /run/credentials/systemd-journald.service
tmpfs           1.0M     0  1.0M   0% /run/credentials/systemd-resolved.service
tmpfs           1.7G  4.0M  1.7G   1% /tmp
tmpfs           336M  132K  336M   1% /run/user/1000
/dev/sr0        102M  102M     0 100% /media/kostapro/CDROM

=== System Log: Tue Mar 10 22:49:01 EDT 2026 ===
 22:49:01 up  2:49,  1 user,  load average: 0.03, 0.05, 0.07
               total        used        free      shared  buff/cache   available
Mem:           3.3Gi       2.1Gi       211Mi        56Mi       1.1Gi       1.2Gi
Swap:          3.5Gi       143Mi       3.3Gi
Filesystem      Size  Used Avail Use% Mounted on
tmpfs           672M  2.3M  669M   1% /run
/dev/sda2        20G  9.6G  9.0G  52% /
tmpfs           1.7G     0  1.7G   0% /dev/shm
tmpfs           5.0M  8.0K  5.0M   1% /run/lock
tmpfs           1.0M     0  1.0M   0% /run/credentials/systemd-journald.service
tmpfs           1.0M     0  1.0M   0% /run/credentials/systemd-resolved.service
tmpfs           1.7G  4.0M  1.7G   1% /tmp
tmpfs           336M  132K  336M   1% /run/user/1000
/dev/sr0        102M  102M     0 100% /media/kostapro/CDROM

=== System Log: Tue Mar 10 22:50:01 EDT 2026 ===
 22:50:01 up  2:50,  1 user,  load average: 0.07, 0.06, 0.07
               total        used        free      shared  buff/cache   available
Mem:           3.3Gi       2.1Gi       210Mi        56Mi       1.1Gi       1.2Gi
Swap:          3.5Gi       143Mi       3.3Gi
Filesystem      Size  Used Avail Use% Mounted on
tmpfs           672M  2.3M  669M   1% /run
/dev/sda2        20G  9.6G  9.0G  52% /
tmpfs           1.7G     0  1.7G   0% /dev/shm
tmpfs           5.0M  8.0K  5.0M   1% /run/lock
tmpfs           1.0M     0  1.0M   0% /run/credentials/systemd-journald.service
tmpfs           1.0M     0  1.0M   0% /run/credentials/systemd-resolved.service
tmpfs           1.7G  4.0M  1.7G   1% /tmp
tmpfs           336M  132K  336M   1% /run/user/1000
/dev/sr0        102M  102M     0 100% /media/kostapro/CDROM

=== System Log: Tue Mar 10 22:51:03 EDT 2026 ===
 22:51:03 up  2:52,  1 user,  load average: 0.08, 0.06, 0.07
               total        used        free      shared  buff/cache   available
Mem:           3.3Gi       2.1Gi       211Mi        56Mi       1.1Gi       1.2Gi
Swap:          3.5Gi       143Mi       3.3Gi
Filesystem      Size  Used Avail Use% Mounted on
tmpfs           672M  2.3M  669M   1% /run
/dev/sda2        20G  9.6G  9.0G  52% /
tmpfs           1.7G     0  1.7G   0% /dev/shm
tmpfs           5.0M  8.0K  5.0M   1% /run/lock
tmpfs           1.0M     0  1.0M   0% /run/credentials/systemd-journald.service
tmpfs           1.0M     0  1.0M   0% /run/credentials/systemd-resolved.service
tmpfs           1.7G  4.0M  1.7G   1% /tmp
tmpfs           336M  132K  336M   1% /run/user/1000
/dev/sr0        102M  102M     0 100% /media/kostapro/CDROM

=== System Log: Tue Mar 10 22:52:01 EDT 2026 ===
 22:52:01 up  2:52,  1 user,  load average: 0.03, 0.05, 0.07
               total        used        free      shared  buff/cache   available
Mem:           3.3Gi       2.0Gi       219Mi        56Mi       1.1Gi       1.2Gi
Swap:          3.5Gi       143Mi       3.3Gi
Filesystem      Size  Used Avail Use% Mounted on
tmpfs           672M  2.3M  669M   1% /run
/dev/sda2        20G  9.6G  9.0G  52% /
tmpfs           1.7G     0  1.7G   0% /dev/shm
tmpfs           5.0M  8.0K  5.0M   1% /run/lock
tmpfs           1.0M     0  1.0M   0% /run/credentials/systemd-journald.service
tmpfs           1.0M     0  1.0M   0% /run/credentials/systemd-resolved.service
tmpfs           1.7G  4.0M  1.7G   1% /tmp
tmpfs           336M  132K  336M   1% /run/user/1000
/dev/sr0        102M  102M     0 100% /media/kostapro/CDROM

=== System Log: Tue Mar 10 22:53:02 EDT 2026 ===
 22:53:02 up  2:53,  1 user,  load average: 0.14, 0.07, 0.07
               total        used        free      shared  buff/cache   available
Mem:           3.3Gi       2.0Gi       233Mi        54Mi       1.2Gi       1.3Gi
Swap:          3.5Gi       177Mi       3.3Gi
Filesystem      Size  Used Avail Use% Mounted on
tmpfs           672M  2.3M  669M   1% /run
/dev/sda2        20G  9.6G  9.0G  52% /
tmpfs           1.7G     0  1.7G   0% /dev/shm
tmpfs           5.0M  8.0K  5.0M   1% /run/lock
tmpfs           1.0M     0  1.0M   0% /run/credentials/systemd-journald.service
tmpfs           1.0M     0  1.0M   0% /run/credentials/systemd-resolved.service
tmpfs           1.7G  4.0M  1.7G   1% /tmp
tmpfs           336M  132K  336M   1% /run/user/1000
/dev/sr0        102M  102M     0 100% /media/kostapro/CDROM

=== System Log: Tue Mar 10 22:54:01 EDT 2026 ===
 22:54:01 up  2:54,  1 user,  load average: 0.09, 0.07, 0.07
               total        used        free      shared  buff/cache   available
Mem:           3.3Gi       2.0Gi       201Mi        54Mi       1.2Gi       1.2Gi
Swap:          3.5Gi       177Mi       3.3Gi
Filesystem      Size  Used Avail Use% Mounted on
tmpfs           672M  2.3M  669M   1% /run
/dev/sda2        20G  9.6G  9.0G  52% /
tmpfs           1.7G     0  1.7G   0% /dev/shm
tmpfs           5.0M  8.0K  5.0M   1% /run/lock
tmpfs           1.0M     0  1.0M   0% /run/credentials/systemd-journald.service
tmpfs           1.0M     0  1.0M   0% /run/credentials/systemd-resolved.service
tmpfs           1.7G  4.0M  1.7G   1% /tmp
tmpfs           336M  132K  336M   1% /run/user/1000
/dev/sr0        102M  102M     0 100% /media/kostapro/CDROM

=== System Log: Tue Mar 10 22:55:01 EDT 2026 ===
 22:55:01 up  2:55,  1 user,  load average: 0.03, 0.05, 0.07
               total        used        free      shared  buff/cache   available
Mem:           3.3Gi       2.0Gi       199Mi        54Mi       1.2Gi       1.2Gi
Swap:          3.5Gi       177Mi       3.3Gi
Filesystem      Size  Used Avail Use% Mounted on
tmpfs           672M  2.3M  669M   1% /run
/dev/sda2        20G  9.6G  9.0G  52% /
tmpfs           1.7G     0  1.7G   0% /dev/shm
tmpfs           5.0M  8.0K  5.0M   1% /run/lock
tmpfs           1.0M     0  1.0M   0% /run/credentials/systemd-journald.service
tmpfs           1.0M     0  1.0M   0% /run/credentials/systemd-resolved.service
tmpfs           1.7G  4.0M  1.7G   1% /tmp
tmpfs           336M  132K  336M   1% /run/user/1000
/dev/sr0        102M  102M     0 100% /media/kostapro/CDROM

=== System Log: Tue Mar 10 22:56:01 EDT 2026 ===
 22:56:01 up  2:56,  1 user,  load average: 0.12, 0.07, 0.07
               total        used        free      shared  buff/cache   available
Mem:           3.3Gi       2.0Gi       198Mi        54Mi       1.2Gi       1.2Gi
Swap:          3.5Gi       177Mi       3.3Gi
Filesystem      Size  Used Avail Use% Mounted on
tmpfs           672M  2.3M  669M   1% /run
/dev/sda2        20G  9.6G  9.0G  52% /
tmpfs           1.7G     0  1.7G   0% /dev/shm
tmpfs           5.0M  8.0K  5.0M   1% /run/lock
tmpfs           1.0M     0  1.0M   0% /run/credentials/systemd-journald.service
tmpfs           1.0M     0  1.0M   0% /run/credentials/systemd-resolved.service
tmpfs           1.7G  4.0M  1.7G   1% /tmp
tmpfs           336M  132K  336M   1% /run/user/1000
/dev/sr0        102M  102M     0 100% /media/kostapro/CDROM

=== System Log: Tue Mar 10 22:57:01 EDT 2026 ===
 22:57:01 up  2:57,  1 user,  load average: 0.38, 0.15, 0.10
               total        used        free      shared  buff/cache   available
Mem:           3.3Gi       2.0Gi       233Mi        51Mi       1.2Gi       1.3Gi
Swap:          3.5Gi       235Mi       3.2Gi
Filesystem      Size  Used Avail Use% Mounted on
tmpfs           672M  2.3M  669M   1% /run
/dev/sda2        20G  9.6G  9.0G  52% /
tmpfs           1.7G     0  1.7G   0% /dev/shm
tmpfs           5.0M  8.0K  5.0M   1% /run/lock
tmpfs           1.0M     0  1.0M   0% /run/credentials/systemd-journald.service
tmpfs           1.0M     0  1.0M   0% /run/credentials/systemd-resolved.service
tmpfs           1.7G  4.0M  1.7G   1% /tmp
tmpfs           336M  132K  336M   1% /run/user/1000
/dev/sr0        102M  102M     0 100% /media/kostapro/CDROM

=== System Log: Tue Mar 10 22:58:01 EDT 2026 ===
 22:58:01 up  2:58,  1 user,  load average: 0.18, 0.13, 0.09
               total        used        free      shared  buff/cache   available
Mem:           3.3Gi       2.0Gi       214Mi        51Mi       1.2Gi       1.3Gi
Swap:          3.5Gi       235Mi       3.2Gi
Filesystem      Size  Used Avail Use% Mounted on
tmpfs           672M  2.3M  669M   1% /run
/dev/sda2        20G  9.6G  9.0G  52% /
tmpfs           1.7G     0  1.7G   0% /dev/shm
tmpfs           5.0M  8.0K  5.0M   1% /run/lock
tmpfs           1.0M     0  1.0M   0% /run/credentials/systemd-journald.service
tmpfs           1.0M     0  1.0M   0% /run/credentials/systemd-resolved.service
tmpfs           1.7G  4.0M  1.7G   1% /tmp
tmpfs           336M  132K  336M   1% /run/user/1000
/dev/sr0        102M  102M     0 100% /media/kostapro/CDROM

=== System Log: Tue Mar 10 22:59:01 EDT 2026 ===
 22:59:01 up  2:59,  1 user,  load average: 0.11, 0.12, 0.09
               total        used        free      shared  buff/cache   available
Mem:           3.3Gi       2.0Gi       208Mi        51Mi       1.2Gi       1.3Gi
Swap:          3.5Gi       235Mi       3.2Gi
Filesystem      Size  Used Avail Use% Mounted on
tmpfs           672M  2.3M  669M   1% /run
/dev/sda2        20G  9.6G  9.0G  52% /
tmpfs           1.7G     0  1.7G   0% /dev/shm
tmpfs           5.0M  8.0K  5.0M   1% /run/lock
tmpfs           1.0M     0  1.0M   0% /run/credentials/systemd-journald.service
tmpfs           1.0M     0  1.0M   0% /run/credentials/systemd-resolved.service
tmpfs           1.7G  4.0M  1.7G   1% /tmp
tmpfs           336M  132K  336M   1% /run/user/1000
/dev/sr0        102M  102M     0 100% /media/kostapro/CDROM

=== System Log: Tue Mar 10 23:00:01 EDT 2026 ===
 23:00:01 up  3:00,  1 user,  load average: 0.27, 0.17, 0.11
               total        used        free      shared  buff/cache   available
Mem:           3.3Gi       2.0Gi       186Mi        51Mi       1.2Gi       1.3Gi
Swap:          3.5Gi       235Mi       3.2Gi
Filesystem      Size  Used Avail Use% Mounted on
tmpfs           672M  2.3M  669M   1% /run
/dev/sda2        20G  9.6G  9.0G  52% /
tmpfs           1.7G     0  1.7G   0% /dev/shm
tmpfs           5.0M  8.0K  5.0M   1% /run/lock
tmpfs           1.0M     0  1.0M   0% /run/credentials/systemd-journald.service
tmpfs           1.0M     0  1.0M   0% /run/credentials/systemd-resolved.service
tmpfs           1.7G  4.0M  1.7G   1% /tmp
tmpfs           336M  132K  336M   1% /run/user/1000
/dev/sr0        102M  102M     0 100% /media/kostapro/CDROM

=== System Log: Tue Mar 10 23:01:01 EDT 2026 ===
 23:01:01 up  3:01,  1 user,  load average: 0.10, 0.14, 0.10
               total        used        free      shared  buff/cache   available
Mem:           3.3Gi       2.0Gi       185Mi        51Mi       1.2Gi       1.3Gi
Swap:          3.5Gi       235Mi       3.2Gi
Filesystem      Size  Used Avail Use% Mounted on
tmpfs           672M  2.3M  669M   1% /run
/dev/sda2        20G  9.6G  9.0G  52% /
tmpfs           1.7G     0  1.7G   0% /dev/shm
tmpfs           5.0M  8.0K  5.0M   1% /run/lock
tmpfs           1.0M     0  1.0M   0% /run/credentials/systemd-journald.service
tmpfs           1.0M     0  1.0M   0% /run/credentials/systemd-resolved.service
tmpfs           1.7G  4.0M  1.7G   1% /tmp
tmpfs           336M  132K  336M   1% /run/user/1000
/dev/sr0        102M  102M     0 100% /media/kostapro/CDROM

=== System Log: Tue Mar 10 23:02:01 EDT 2026 ===
 23:02:01 up  3:02,  1 user,  load average: 0.03, 0.11, 0.09
               total        used        free      shared  buff/cache   available
Mem:           3.3Gi       2.0Gi       178Mi        51Mi       1.2Gi       1.3Gi
Swap:          3.5Gi       232Mi       3.2Gi
Filesystem      Size  Used Avail Use% Mounted on
tmpfs           672M  2.3M  669M   1% /run
/dev/sda2        20G  9.6G  9.0G  52% /
tmpfs           1.7G     0  1.7G   0% /dev/shm
tmpfs           5.0M  8.0K  5.0M   1% /run/lock
tmpfs           1.0M     0  1.0M   0% /run/credentials/systemd-journald.service
tmpfs           1.0M     0  1.0M   0% /run/credentials/systemd-resolved.service
tmpfs           1.7G  4.0M  1.7G   1% /tmp
tmpfs           336M  132K  336M   1% /run/user/1000
/dev/sr0        102M  102M     0 100% /media/kostapro/CDROM

=== System Log: Tue Mar 10 23:03:01 EDT 2026 ===
 23:03:01 up  3:03,  1 user,  load average: 0.01, 0.09, 0.08
               total        used        free      shared  buff/cache   available
Mem:           3.3Gi       2.0Gi       172Mi        51Mi       1.2Gi       1.3Gi
Swap:          3.5Gi       232Mi       3.2Gi
Filesystem      Size  Used Avail Use% Mounted on
tmpfs           672M  2.3M  669M   1% /run
/dev/sda2        20G  9.6G  9.0G  52% /
tmpfs           1.7G     0  1.7G   0% /dev/shm
tmpfs           5.0M  8.0K  5.0M   1% /run/lock
tmpfs           1.0M     0  1.0M   0% /run/credentials/systemd-journald.service
tmpfs           1.0M     0  1.0M   0% /run/credentials/systemd-resolved.service
tmpfs           1.7G  4.0M  1.7G   1% /tmp
tmpfs           336M  132K  336M   1% /run/user/1000
/dev/sr0        102M  102M     0 100% /media/kostapro/CDROM

=== System Log: Tue Mar 10 23:04:01 EDT 2026 ===
 23:04:01 up  3:04,  1 user,  load average: 0.05, 0.08, 0.08
               total        used        free      shared  buff/cache   available
Mem:           3.3Gi       2.0Gi       172Mi        51Mi       1.2Gi       1.3Gi
Swap:          3.5Gi       232Mi       3.2Gi
Filesystem      Size  Used Avail Use% Mounted on
tmpfs           672M  2.3M  669M   1% /run
/dev/sda2        20G  9.6G  9.0G  52% /
tmpfs           1.7G     0  1.7G   0% /dev/shm
tmpfs           5.0M  8.0K  5.0M   1% /run/lock
tmpfs           1.0M     0  1.0M   0% /run/credentials/systemd-journald.service
tmpfs           1.0M     0  1.0M   0% /run/credentials/systemd-resolved.service
tmpfs           1.7G  4.0M  1.7G   1% /tmp
tmpfs           336M  132K  336M   1% /run/user/1000
/dev/sr0        102M  102M     0 100% /media/kostapro/CDROM

=== System Log: Tue Mar 10 23:05:01 EDT 2026 ===
 23:05:01 up  3:05,  1 user,  load average: 0.02, 0.07, 0.08
               total        used        free      shared  buff/cache   available
Mem:           3.3Gi       2.0Gi       172Mi        51Mi       1.2Gi       1.3Gi
Swap:          3.5Gi       232Mi       3.2Gi
Filesystem      Size  Used Avail Use% Mounted on
tmpfs           672M  2.3M  669M   1% /run
/dev/sda2        20G  9.6G  9.0G  52% /
tmpfs           1.7G     0  1.7G   0% /dev/shm
tmpfs           5.0M  8.0K  5.0M   1% /run/lock
tmpfs           1.0M     0  1.0M   0% /run/credentials/systemd-journald.service
tmpfs           1.0M     0  1.0M   0% /run/credentials/systemd-resolved.service
tmpfs           1.7G  4.0M  1.7G   1% /tmp
tmpfs           336M  132K  336M   1% /run/user/1000
/dev/sr0        102M  102M     0 100% /media/kostapro/CDROM

=== System Log: Tue Mar 10 23:06:02 EDT 2026 ===
 23:06:02 up  3:06,  1 user,  load average: 0.00, 0.05, 0.07
               total        used        free      shared  buff/cache   available
Mem:           3.3Gi       2.0Gi       172Mi        51Mi       1.2Gi       1.3Gi
Swap:          3.5Gi       232Mi       3.2Gi
Filesystem      Size  Used Avail Use% Mounted on
tmpfs           672M  2.3M  669M   1% /run
/dev/sda2        20G  9.6G  9.0G  52% /
tmpfs           1.7G     0  1.7G   0% /dev/shm
tmpfs           5.0M  8.0K  5.0M   1% /run/lock
tmpfs           1.0M     0  1.0M   0% /run/credentials/systemd-journald.service
tmpfs           1.0M     0  1.0M   0% /run/credentials/systemd-resolved.service
tmpfs           1.7G  4.0M  1.7G   1% /tmp
tmpfs           336M  132K  336M   1% /run/user/1000
/dev/sr0        102M  102M     0 100% /media/kostapro/CDROM

=== System Log: Tue Mar 10 23:07:01 EDT 2026 ===
 23:07:01 up  3:07,  1 user,  load average: 0.00, 0.04, 0.06
               total        used        free      shared  buff/cache   available
Mem:           3.3Gi       2.0Gi       172Mi        51Mi       1.2Gi       1.3Gi
Swap:          3.5Gi       232Mi       3.2Gi
Filesystem      Size  Used Avail Use% Mounted on
tmpfs           672M  2.3M  669M   1% /run
/dev/sda2        20G  9.6G  9.0G  52% /
tmpfs           1.7G     0  1.7G   0% /dev/shm
tmpfs           5.0M  8.0K  5.0M   1% /run/lock
tmpfs           1.0M     0  1.0M   0% /run/credentials/systemd-journald.service
tmpfs           1.0M     0  1.0M   0% /run/credentials/systemd-resolved.service
tmpfs           1.7G  4.0M  1.7G   1% /tmp
tmpfs           336M  132K  336M   1% /run/user/1000
/dev/sr0        102M  102M     0 100% /media/kostapro/CDROM

=== System Log: Tue Mar 10 23:08:01 EDT 2026 ===
 23:08:01 up  3:08,  1 user,  load average: 0.00, 0.03, 0.06
               total        used        free      shared  buff/cache   available
Mem:           3.3Gi       2.0Gi       168Mi        51Mi       1.2Gi       1.3Gi
Swap:          3.5Gi       232Mi       3.2Gi
Filesystem      Size  Used Avail Use% Mounted on
tmpfs           672M  2.3M  669M   1% /run
/dev/sda2        20G  9.6G  9.0G  52% /
tmpfs           1.7G     0  1.7G   0% /dev/shm
tmpfs           5.0M  8.0K  5.0M   1% /run/lock
tmpfs           1.0M     0  1.0M   0% /run/credentials/systemd-journald.service
tmpfs           1.0M     0  1.0M   0% /run/credentials/systemd-resolved.service
tmpfs           1.7G  4.0M  1.7G   1% /tmp
tmpfs           336M  132K  336M   1% /run/user/1000
/dev/sr0        102M  102M     0 100% /media/kostapro/CDROM

=== System Log: Tue Mar 10 23:09:01 EDT 2026 ===
 23:09:01 up  3:09,  1 user,  load average: 0.00, 0.02, 0.05
               total        used        free      shared  buff/cache   available
Mem:           3.3Gi       2.0Gi       167Mi        51Mi       1.2Gi       1.3Gi
Swap:          3.5Gi       232Mi       3.2Gi
Filesystem      Size  Used Avail Use% Mounted on
tmpfs           672M  2.3M  669M   1% /run
/dev/sda2        20G  9.6G  9.0G  52% /
tmpfs           1.7G     0  1.7G   0% /dev/shm
tmpfs           5.0M  8.0K  5.0M   1% /run/lock
tmpfs           1.0M     0  1.0M   0% /run/credentials/systemd-journald.service
tmpfs           1.0M     0  1.0M   0% /run/credentials/systemd-resolved.service
tmpfs           1.7G  4.0M  1.7G   1% /tmp
tmpfs           336M  132K  336M   1% /run/user/1000
/dev/sr0        102M  102M     0 100% /media/kostapro/CDROM

=== System Log: Tue Mar 10 23:10:01 EDT 2026 ===
 23:10:01 up  3:10,  1 user,  load average: 0.07, 0.03, 0.05
               total        used        free      shared  buff/cache   available
Mem:           3.3Gi       2.0Gi       222Mi        45Mi       1.2Gi       1.3Gi
Swap:          3.5Gi       233Mi       3.2Gi
Filesystem      Size  Used Avail Use% Mounted on
tmpfs           672M  2.3M  669M   1% /run
/dev/sda2        20G  9.6G  9.0G  52% /
tmpfs           1.7G     0  1.7G   0% /dev/shm
tmpfs           5.0M  8.0K  5.0M   1% /run/lock
tmpfs           1.0M     0  1.0M   0% /run/credentials/systemd-journald.service
tmpfs           1.0M     0  1.0M   0% /run/credentials/systemd-resolved.service
tmpfs           1.7G  4.0M  1.7G   1% /tmp
tmpfs           336M  136K  336M   1% /run/user/1000
/dev/sr0        102M  102M     0 100% /media/kostapro/CDROM

=== System Log: Tue Mar 10 23:11:01 EDT 2026 ===
 23:11:01 up  3:11,  1 user,  load average: 0.15, 0.07, 0.06
               total        used        free      shared  buff/cache   available
Mem:           3.3Gi       2.0Gi       179Mi        51Mi       1.2Gi       1.3Gi
Swap:          3.5Gi       232Mi       3.2Gi
Filesystem      Size  Used Avail Use% Mounted on
tmpfs           672M  2.3M  669M   1% /run
/dev/sda2        20G  9.6G  9.0G  52% /
tmpfs           1.7G     0  1.7G   0% /dev/shm
tmpfs           5.0M  8.0K  5.0M   1% /run/lock
tmpfs           1.0M     0  1.0M   0% /run/credentials/systemd-journald.service
tmpfs           1.0M     0  1.0M   0% /run/credentials/systemd-resolved.service
tmpfs           1.7G  4.0M  1.7G   1% /tmp
tmpfs           336M  136K  336M   1% /run/user/1000
/dev/sr0        102M  102M     0 100% /media/kostapro/CDROM

=== System Log: Tue Mar 10 23:12:01 EDT 2026 ===
 23:12:01 up  3:12,  1 user,  load average: 0.16, 0.08, 0.07
               total        used        free      shared  buff/cache   available
Mem:           3.3Gi       2.0Gi       177Mi        51Mi       1.2Gi       1.3Gi
Swap:          3.5Gi       232Mi       3.2Gi
Filesystem      Size  Used Avail Use% Mounted on
tmpfs           672M  2.3M  669M   1% /run
/dev/sda2        20G  9.6G  9.0G  52% /
tmpfs           1.7G     0  1.7G   0% /dev/shm
tmpfs           5.0M  8.0K  5.0M   1% /run/lock
tmpfs           1.0M     0  1.0M   0% /run/credentials/systemd-journald.service
tmpfs           1.0M     0  1.0M   0% /run/credentials/systemd-resolved.service
tmpfs           1.7G  4.0M  1.7G   1% /tmp
tmpfs           336M  136K  336M   1% /run/user/1000
/dev/sr0        102M  102M     0 100% /media/kostapro/CDROM

=== System Log: Tue Mar 10 23:13:01 EDT 2026 ===
 23:13:01 up  3:13,  1 user,  load average: 0.21, 0.10, 0.07
               total        used        free      shared  buff/cache   available
Mem:           3.3Gi       2.0Gi       159Mi        51Mi       1.2Gi       1.2Gi
Swap:          3.5Gi       232Mi       3.2Gi
Filesystem      Size  Used Avail Use% Mounted on
tmpfs           672M  2.3M  669M   1% /run
/dev/sda2        20G  9.7G  8.9G  52% /
tmpfs           1.7G     0  1.7G   0% /dev/shm
tmpfs           5.0M  8.0K  5.0M   1% /run/lock
tmpfs           1.0M     0  1.0M   0% /run/credentials/systemd-journald.service
tmpfs           1.0M     0  1.0M   0% /run/credentials/systemd-resolved.service
tmpfs           1.7G  4.0M  1.7G   1% /tmp
tmpfs           336M  136K  336M   1% /run/user/1000
/dev/sr0        102M  102M     0 100% /media/kostapro/CDROM

=== System Log: Tue Mar 10 23:14:01 EDT 2026 ===
 23:14:01 up  3:14,  1 user,  load average: 0.08, 0.08, 0.07
               total        used        free      shared  buff/cache   available
Mem:           3.3Gi       2.0Gi       149Mi        51Mi       1.2Gi       1.2Gi
Swap:          3.5Gi       232Mi       3.2Gi
Filesystem      Size  Used Avail Use% Mounted on
tmpfs           672M  2.3M  669M   1% /run
/dev/sda2        20G  9.7G  8.9G  52% /
tmpfs           1.7G     0  1.7G   0% /dev/shm
tmpfs           5.0M  8.0K  5.0M   1% /run/lock
tmpfs           1.0M     0  1.0M   0% /run/credentials/systemd-journald.service
tmpfs           1.0M     0  1.0M   0% /run/credentials/systemd-resolved.service
tmpfs           1.7G  4.0M  1.7G   1% /tmp
tmpfs           336M  136K  336M   1% /run/user/1000
/dev/sr0        102M  102M     0 100% /media/kostapro/CDROM

=== System Log: Tue Mar 10 23:15:01 EDT 2026 ===
 23:15:01 up  3:15,  1 user,  load average: 0.03, 0.06, 0.06
               total        used        free      shared  buff/cache   available
Mem:           3.3Gi       2.0Gi       149Mi        51Mi       1.2Gi       1.2Gi
Swap:          3.5Gi       232Mi       3.2Gi
Filesystem      Size  Used Avail Use% Mounted on
tmpfs           672M  2.3M  669M   1% /run
/dev/sda2        20G  9.7G  8.9G  52% /
tmpfs           1.7G     0  1.7G   0% /dev/shm
tmpfs           5.0M  8.0K  5.0M   1% /run/lock
tmpfs           1.0M     0  1.0M   0% /run/credentials/systemd-journald.service
tmpfs           1.0M     0  1.0M   0% /run/credentials/systemd-resolved.service
tmpfs           1.7G  4.0M  1.7G   1% /tmp
tmpfs           336M  136K  336M   1% /run/user/1000
/dev/sr0        102M  102M     0 100% /media/kostapro/CDROM

=== System Log: Tue Mar 10 23:16:01 EDT 2026 ===
 23:16:01 up  3:16,  1 user,  load average: 0.20, 0.10, 0.07
               total        used        free      shared  buff/cache   available
Mem:           3.3Gi       2.1Gi       129Mi        51Mi       1.2Gi       1.2Gi
Swap:          3.5Gi       232Mi       3.2Gi
Filesystem      Size  Used Avail Use% Mounted on
tmpfs           672M  2.3M  669M   1% /run
/dev/sda2        20G  9.7G  8.9G  52% /
tmpfs           1.7G     0  1.7G   0% /dev/shm
tmpfs           5.0M  8.0K  5.0M   1% /run/lock
tmpfs           1.0M     0  1.0M   0% /run/credentials/systemd-journald.service
tmpfs           1.0M     0  1.0M   0% /run/credentials/systemd-resolved.service
tmpfs           1.7G  4.0M  1.7G   1% /tmp
tmpfs           336M  128K  336M   1% /run/user/1000
/dev/sr0        102M  102M     0 100% /media/kostapro/CDROM

=== System Log: Tue Mar 10 23:17:01 EDT 2026 ===
 23:17:01 up  3:17,  1 user,  load average: 0.55, 0.23, 0.12
               total        used        free      shared  buff/cache   available
Mem:           3.3Gi       2.0Gi       101Mi        50Mi       1.3Gi       1.2Gi
Swap:          3.5Gi       239Mi       3.2Gi
Filesystem      Size  Used Avail Use% Mounted on
tmpfs           672M  2.3M  669M   1% /run
/dev/sda2        20G  9.7G  8.9G  52% /
tmpfs           1.7G     0  1.7G   0% /dev/shm
tmpfs           5.0M  8.0K  5.0M   1% /run/lock
tmpfs           1.0M     0  1.0M   0% /run/credentials/systemd-journald.service
tmpfs           1.0M     0  1.0M   0% /run/credentials/systemd-resolved.service
tmpfs           1.7G  4.0M  1.7G   1% /tmp
tmpfs           336M  128K  336M   1% /run/user/1000
/dev/sr0        102M  102M     0 100% /media/kostapro/CDROM

=== System Log: Tue Mar 10 23:18:01 EDT 2026 ===
 23:18:01 up  3:18,  1 user,  load average: 0.20, 0.18, 0.11
               total        used        free      shared  buff/cache   available
Mem:           3.3Gi       2.0Gi       119Mi        50Mi       1.3Gi       1.3Gi
Swap:          3.5Gi       241Mi       3.2Gi
Filesystem      Size  Used Avail Use% Mounted on
tmpfs           672M  2.3M  669M   1% /run
/dev/sda2        20G  9.7G  8.9G  52% /
tmpfs           1.7G     0  1.7G   0% /dev/shm
tmpfs           5.0M  8.0K  5.0M   1% /run/lock
tmpfs           1.0M     0  1.0M   0% /run/credentials/systemd-journald.service
tmpfs           1.0M     0  1.0M   0% /run/credentials/systemd-resolved.service
tmpfs           1.7G  4.0M  1.7G   1% /tmp
tmpfs           336M  128K  336M   1% /run/user/1000
/dev/sr0        102M  102M     0 100% /media/kostapro/CDROM

=== System Log: Wed Mar 11 20:55:01 EDT 2026 ===
 20:55:01 up 0 min,  1 user,  load average: 2.70, 0.70, 0.24
               total        used        free      shared  buff/cache   available
Mem:           3.3Gi       851Mi       1.9Gi        12Mi       769Mi       2.4Gi
Swap:          3.5Gi          0B       3.5Gi
Filesystem      Size  Used Avail Use% Mounted on
tmpfs           672M   13M  659M   2% /run
/dev/sda2        20G  9.7G  8.9G  53% /
tmpfs           1.7G     0  1.7G   0% /dev/shm
tmpfs           5.0M  8.0K  5.0M   1% /run/lock
tmpfs           1.0M     0  1.0M   0% /run/credentials/systemd-journald.service
tmpfs           1.0M     0  1.0M   0% /run/credentials/systemd-resolved.service
tmpfs           1.7G  8.0K  1.7G   1% /tmp
tmpfs           336M   60K  336M   1% /run/user/60578
tmpfs           336M   48K  336M   1% /run/user/1000

